// Jest Snapshot v1, https://goo.gl/fbAQLP

exports[`App component renders App 1`] = `
<Fragment>
  <section>
    <header>
      <h2>
        Characters
      </h2>
    </header>
    <div
      key="5da237699734fdcb7bef8f51"
    >
      <header>
        <h3>
          Arnold Shortman
        </h3>
      </header>
      <figure>
        <img
          alt="Arnold Shortman"
          src="https://vignette.wikia.nocookie.net/heyarnold/images/f/f5/Arnold.png/revision/latest?cb=20181027162333"
        />
      </figure>
      <p>
        Arnold Shortman
         has 
        5da237699734fdcb7bef8f51
      </p>
    </div>
    <div
      key="5da237699734fdcb7bef8f53"
    >
      <header>
        <h3>
          Grandma Gertie
        </h3>
      </header>
      <figure>
        <img
          alt="Grandma Gertie"
          src="https://vignette.wikia.nocookie.net/heyarnold/images/7/7b/DB87AC2A-C2C2-4DAB-AECF-B9F7273C746B.png/revision/latest/scale-to-width-down/306?cb=20190816101257"
        />
      </figure>
      <p>
        Grandma Gertie
         has 
        5da237699734fdcb7bef8f53
      </p>
    </div>
    <div
      key="5da237699734fdcb7bef8f52"
    >
      <header>
        <h3>
          Grandpa Phil
        </h3>
      </header>
      <figure>
        <img
          alt="Grandpa Phil"
          src="https://vignette.wikia.nocookie.net/heyarnold/images/7/79/GrandpaPhil.png/revision/latest/scale-to-width-down/300?cb=20160924030436"
        />
      </figure>
      <p>
        Grandpa Phil
         has 
        5da237699734fdcb7bef8f52
      </p>
    </div>
    <div
      key="5da237699734fdcb7bef8f56"
    >
      <header>
        <h3>
          Miles Shortman
        </h3>
      </header>
      <figure>
        <img
          alt="Miles Shortman"
          src="https://vignette.wikia.nocookie.net/heyarnold/images/2/2e/Miles.jpg/revision/latest/scale-to-width-down/243?cb=20101115140639"
        />
      </figure>
      <p>
        Miles Shortman
         has 
        5da237699734fdcb7bef8f56
      </p>
    </div>
    <div
      key="5da237699734fdcb7bef8f54"
    >
      <header>
        <h3>
          Mitzi
        </h3>
      </header>
      <figure>
        <img
          alt="Mitzi"
          src="https://vignette.wikia.nocookie.net/heyarnold/images/d/d9/Mitzi.png/revision/latest/scale-to-width-down/310?cb=20171212070331"
        />
      </figure>
      <p>
        Mitzi
         has 
        5da237699734fdcb7bef8f54
      </p>
    </div>
    <div
      key="5da237699734fdcb7bef8f55"
    >
      <header>
        <h3>
          Arnie
        </h3>
      </header>
      <figure>
        <img
          alt="Arnie"
          src="https://vignette.wikia.nocookie.net/heyarnold/images/4/42/Arnie.jpg/revision/latest/scale-to-width-down/310?cb=20110109195825"
        />
      </figure>
      <p>
        Arnie
         has 
        5da237699734fdcb7bef8f55
      </p>
    </div>
    <div
      key="5da237699734fdcb7bef8f57"
    >
      <header>
        <h3>
          Stella Shortman
        </h3>
      </header>
      <figure>
        <img
          alt="Stella Shortman"
          src="https://vignette.wikia.nocookie.net/heyarnold/images/f/fa/Stella.jpg/revision/latest?cb=20101225143956"
        />
      </figure>
      <p>
        Stella Shortman
         has 
        5da237699734fdcb7bef8f57
      </p>
    </div>
    <div
      key="5da237699734fdcb7bef8f59"
    >
      <header>
        <h3>
          Grandpa's grandfather
        </h3>
      </header>
      <figure>
        <img
          alt="Grandpa's grandfather"
          src="https://vignette.wikia.nocookie.net/heyarnold/images/f/f7/Grandpa%27s_grandfather.png/revision/latest/scale-to-width-down/310?cb=20190228081015"
        />
      </figure>
      <p>
        Grandpa's grandfather
         has 
        5da237699734fdcb7bef8f59
      </p>
    </div>
    <div
      key="5da237699734fdcb7bef8f5a"
    >
      <header>
        <h3>
          Oskar Kokoshka
        </h3>
      </header>
      <figure>
        <img
          alt="Oskar Kokoshka"
          src="https://vignette.wikia.nocookie.net/heyarnold/images/c/c5/Oskar_Kokoshka.png/revision/latest/scale-to-width-down/310?cb=20180707032418"
        />
      </figure>
      <p>
        Oskar Kokoshka
         has 
        5da237699734fdcb7bef8f5a
      </p>
    </div>
    <div
      key="5da237699734fdcb7bef8f58"
    >
      <header>
        <h3>
          Grandpa's father
        </h3>
      </header>
      <figure>
        <img
          alt="Grandpa's father"
          src="https://vignette.wikia.nocookie.net/heyarnold/images/e/e0/Grandpa%27s_father.png/revision/latest/scale-to-width-down/310?cb=20190228081112"
        />
      </figure>
      <p>
        Grandpa's father
         has 
        5da237699734fdcb7bef8f58
      </p>
    </div>
    <div
      key="5da237699734fdcb7bef8f5c"
    >
      <header>
        <h3>
          Nancy
        </h3>
      </header>
      <figure>
        <img
          alt="Nancy"
          src="https://vignette.wikia.nocookie.net/heyarnold/images/6/62/Nancy.jpg/revision/latest/scale-to-width-down/310?cb=20110423055923"
        />
      </figure>
      <p>
        Nancy
         has 
        5da237699734fdcb7bef8f5c
      </p>
    </div>
    <div
      key="5da237699734fdcb7bef8f5b"
    >
      <header>
        <h3>
          Suzie Kokoshka
        </h3>
      </header>
      <figure>
        <img
          alt="Suzie Kokoshka"
          src="https://vignette.wikia.nocookie.net/heyarnold/images/f/fe/Suzie.jpg/revision/latest/scale-to-width-down/310?cb=20110223003447"
        />
      </figure>
      <p>
        Suzie Kokoshka
         has 
        5da237699734fdcb7bef8f5b
      </p>
    </div>
    <div
      key="5da237699734fdcb7bef8f5e"
    >
      <header>
        <h3>
          Mr. Hyunh
        </h3>
      </header>
      <figure>
        <img
          alt="Mr. Hyunh"
          src="https://vignette.wikia.nocookie.net/heyarnold/images/6/60/Mr._Hyunh.png/revision/latest/scale-to-width-down/310?cb=20180707031441"
        />
      </figure>
      <p>
        Mr. Hyunh
         has 
        5da237699734fdcb7bef8f5e
      </p>
    </div>
    <div
      key="5da237699734fdcb7bef8f61"
    >
      <header>
        <h3>
          Lana Vail
        </h3>
      </header>
      <figure>
        <img
          alt="Lana Vail"
          src="https://vignette.wikia.nocookie.net/heyarnold/images/e/e8/762C69BE-23BA-48BA-9B14-6AF3246FCD3F.jpeg/revision/latest/scale-to-width-down/304?cb=20190106211607"
        />
      </figure>
      <p>
        Lana Vail
         has 
        5da237699734fdcb7bef8f61
      </p>
    </div>
    <div
      key="5da237699734fdcb7bef8f60"
    >
      <header>
        <h3>
          Mr. Smith
        </h3>
      </header>
      <figure>
        <img
          alt="Mr. Smith"
          src="https://vignette.wikia.nocookie.net/heyarnold/images/8/80/Mr._Smith.jpg/revision/latest?cb=20110206233402"
        />
      </figure>
      <p>
        Mr. Smith
         has 
        5da237699734fdcb7bef8f60
      </p>
    </div>
    <div
      key="5da237699734fdcb7bef8f62"
    >
      <header>
        <h3>
          Mr. Purdy (character)
        </h3>
      </header>
      <figure>
        <img
          alt="Mr. Purdy (character)"
          src="https://vignette.wikia.nocookie.net/heyarnold/images/9/9c/Mr._Purdy_%28character%29.jpeg/revision/latest?cb=20190125214742"
        />
      </figure>
      <p>
        Mr. Purdy (character)
         has 
        5da237699734fdcb7bef8f62
      </p>
    </div>
    <div
      key="5da237699734fdcb7bef8f66"
    >
      <header>
        <h3>
          Olga Pataki
        </h3>
      </header>
      <figure>
        <img
          alt="Olga Pataki"
          src="https://vignette.wikia.nocookie.net/heyarnold/images/5/5e/Olga_Pataki.png/revision/latest/scale-to-width-down/310?cb=20180124053913"
        />
      </figure>
      <p>
        Olga Pataki
         has 
        5da237699734fdcb7bef8f66
      </p>
    </div>
    <div
      key="5da237699734fdcb7bef8f65"
    >
      <header>
        <h3>
          Miriam Pataki
        </h3>
      </header>
      <figure>
        <img
          alt="Miriam Pataki"
          src="https://vignette.wikia.nocookie.net/heyarnold/images/6/6a/Miriam_Pataki.png/revision/latest/scale-to-width-down/310?cb=20170622020421"
        />
      </figure>
      <p>
        Miriam Pataki
         has 
        5da237699734fdcb7bef8f65
      </p>
    </div>
    <div
      key="5da237699734fdcb7bef8f6b"
    >
      <header>
        <h3>
          Timberly Johanssen
        </h3>
      </header>
      <figure>
        <img
          alt="Timberly Johanssen"
          src="https://vignette.wikia.nocookie.net/heyarnold/images/e/e8/Timberly.png/revision/latest/scale-to-width-down/310?cb=20171210045406"
        />
      </figure>
      <p>
        Timberly Johanssen
         has 
        5da237699734fdcb7bef8f6b
      </p>
    </div>
    <div
      key="5da237699734fdcb7bef8f67"
    >
      <header>
        <h3>
          Gerald Johanssen
        </h3>
      </header>
      <figure>
        <img
          alt="Gerald Johanssen"
          src="https://vignette.wikia.nocookie.net/heyarnold/images/9/9c/GeraldShow.png/revision/latest/scale-to-width-down/310?cb=20181027162223"
        />
      </figure>
      <p>
        Gerald Johanssen
         has 
        5da237699734fdcb7bef8f67
      </p>
    </div>
  </section>
  <section>
    <div
      key="5da23754845fd2cb76d59ef2"
    >
      <header>
        <h3>
          5da23754845fd2cb76d59ef2
        </h3>
      </header>
      <figure>
        <img
          alt="5da23754845fd2cb76d59ef2"
          src="https://media.tenor.com/images/e7623921965651fa6fba7e0c37892044/tenor.gif"
        />
      </figure>
    </div>
    <div
      key="5da23754845fd2cb76d59efc"
    >
      <header>
        <h3>
          5da23754845fd2cb76d59efc
        </h3>
      </header>
      <figure>
        <img
          alt="5da23754845fd2cb76d59efc"
          src="https://media.tenor.com/images/16f7138b0b2a94c37411622edba9e2fc/tenor.gif"
        />
      </figure>
    </div>
    <div
      key="5da23754845fd2cb76d59ef6"
    >
      <header>
        <h3>
          5da23754845fd2cb76d59ef6
        </h3>
      </header>
      <figure>
        <img
          alt="5da23754845fd2cb76d59ef6"
          src="https://media.tenor.com/images/fc08722ef63d4454822df23a48755860/tenor.gif"
        />
      </figure>
    </div>
    <div
      key="5da23754845fd2cb76d59eee"
    >
      <header>
        <h3>
          5da23754845fd2cb76d59eee
        </h3>
      </header>
      <figure>
        <img
          alt="5da23754845fd2cb76d59eee"
          src="https://media.tenor.com/images/ea128fb2a558c469bc7a58a1b2c5fc0e/tenor.gif"
        />
      </figure>
    </div>
    <div
      key="5da23754845fd2cb76d59f0d"
    >
      <header>
        <h3>
          5da23754845fd2cb76d59f0d
        </h3>
      </header>
      <figure>
        <img
          alt="5da23754845fd2cb76d59f0d"
          src="https://media.tenor.com/images/a33b7aead12bb93d93fb5f24f6b706b1/tenor.gif"
        />
      </figure>
    </div>
    <div
      key="5da23754845fd2cb76d59f0c"
    >
      <header>
        <h3>
          5da23754845fd2cb76d59f0c
        </h3>
      </header>
      <figure>
        <img
          alt="5da23754845fd2cb76d59f0c"
          src="https://media.tenor.com/images/af16c045741781e6d668e1db7f983b18/tenor.gif"
        />
      </figure>
    </div>
    <div
      key="5da23754845fd2cb76d59f0f"
    >
      <header>
        <h3>
          5da23754845fd2cb76d59f0f
        </h3>
      </header>
      <figure>
        <img
          alt="5da23754845fd2cb76d59f0f"
          src="https://media.tenor.com/images/c033f66256e7433a21251622b9553494/tenor.gif"
        />
      </figure>
    </div>
    <div
      key="5da23754845fd2cb76d59f07"
    >
      <header>
        <h3>
          5da23754845fd2cb76d59f07
        </h3>
      </header>
      <figure>
        <img
          alt="5da23754845fd2cb76d59f07"
          src="https://media.tenor.com/images/737f7e151678f7365954f0c4cbecbe9e/tenor.gif"
        />
      </figure>
    </div>
    <div
      key="5da23754845fd2cb76d59f0b"
    >
      <header>
        <h3>
          5da23754845fd2cb76d59f0b
        </h3>
      </header>
      <figure>
        <img
          alt="5da23754845fd2cb76d59f0b"
          src="https://media.tenor.com/images/8f6432a3fae8f961b38c107fb46f6722/tenor.gif"
        />
      </figure>
    </div>
    <div
      key="5da23754845fd2cb76d59ef1"
    >
      <header>
        <h3>
          5da23754845fd2cb76d59ef1
        </h3>
      </header>
      <figure>
        <img
          alt="5da23754845fd2cb76d59ef1"
          src="https://media.tenor.com/images/3a66546a8abdb45084626a0f372cc5dd/tenor.gif"
        />
      </figure>
    </div>
  </section>
</Fragment>
`;
