// Jest Snapshot v1, https://goo.gl/fbAQLP

exports[`Card component renders Card 1`] = `
<Fragment>
  <header>
    <h3>
      Phil
    </h3>
  </header>
  <figure>
    <img
      alt="Phil"
      src="Phil.jpg"
    />
  </figure>
</Fragment>
`;
