// Jest Snapshot v1, https://goo.gl/fbAQLP

exports[`Deck component renders Deck 1`] = `
<section>
  <Card
    image="Phil.jpg"
    title="Phil"
  />
</section>
`;
